#! /usr/bin/vvp
:ivl_version "12.0 (stable)";
:ivl_delay_selection "TYPICAL";
:vpi_time_precision - 12;
:vpi_module "/usr/lib/x86_64-linux-gnu/ivl/system.vpi";
:vpi_module "/usr/lib/x86_64-linux-gnu/ivl/vhdl_sys.vpi";
:vpi_module "/usr/lib/x86_64-linux-gnu/ivl/vhdl_textio.vpi";
:vpi_module "/usr/lib/x86_64-linux-gnu/ivl/v2005_math.vpi";
:vpi_module "/usr/lib/x86_64-linux-gnu/ivl/va_math.vpi";
:vpi_module "/usr/lib/x86_64-linux-gnu/ivl/v2009.vpi";
S_0x556f73d619b0 .scope package, "$unit" "$unit" 2 1;
 .timescale 0 0;
S_0x556f73d61b40 .scope module, "memory_stage_tb" "memory_stage_tb" 3 3;
 .timescale -9 -12;
v0x556f73d82f90_0 .var "address", 31 0;
v0x556f73d83070_0 .var "clk", 0 0;
v0x556f73d83110_0 .var "mem_read", 0 0;
v0x556f73d831e0_0 .var "mem_write", 0 0;
v0x556f73d832b0_0 .net "read_data", 31 0, v0x556f73d82d10_0;  1 drivers
v0x556f73d833a0_0 .var "write_data", 31 0;
S_0x556f73d25500 .scope module, "dut" "memory_stage" 3 15, 4 1 0, S_0x556f73d61b40;
 .timescale 0 0;
    .port_info 0 /INPUT 1 "clk";
    .port_info 1 /INPUT 1 "mem_read";
    .port_info 2 /INPUT 1 "mem_write";
    .port_info 3 /INPUT 32 "address";
    .port_info 4 /INPUT 32 "write_data";
    .port_info 5 /OUTPUT 32 "read_data";
v0x556f73d61cd0_0 .net "address", 31 0, v0x556f73d82f90_0;  1 drivers
v0x556f73d800f0_0 .net "clk", 0 0, v0x556f73d83070_0;  1 drivers
v0x556f73d801b0_0 .var/i "i", 31 0;
v0x556f73d80270_0 .net "mem_read", 0 0, v0x556f73d83110_0;  1 drivers
v0x556f73d80330_0 .net "mem_write", 0 0, v0x556f73d831e0_0;  1 drivers
v0x556f73d80440 .array "memory", 255 0, 31 0;
v0x556f73d82d10_0 .var "read_data", 31 0;
v0x556f73d82df0_0 .net "write_data", 31 0, v0x556f73d833a0_0;  1 drivers
v0x556f73d80440_0 .array/port v0x556f73d80440, 0;
v0x556f73d80440_1 .array/port v0x556f73d80440, 1;
E_0x556f73d5f730/0 .event anyedge, v0x556f73d80270_0, v0x556f73d61cd0_0, v0x556f73d80440_0, v0x556f73d80440_1;
v0x556f73d80440_2 .array/port v0x556f73d80440, 2;
v0x556f73d80440_3 .array/port v0x556f73d80440, 3;
v0x556f73d80440_4 .array/port v0x556f73d80440, 4;
v0x556f73d80440_5 .array/port v0x556f73d80440, 5;
E_0x556f73d5f730/1 .event anyedge, v0x556f73d80440_2, v0x556f73d80440_3, v0x556f73d80440_4, v0x556f73d80440_5;
v0x556f73d80440_6 .array/port v0x556f73d80440, 6;
v0x556f73d80440_7 .array/port v0x556f73d80440, 7;
v0x556f73d80440_8 .array/port v0x556f73d80440, 8;
v0x556f73d80440_9 .array/port v0x556f73d80440, 9;
E_0x556f73d5f730/2 .event anyedge, v0x556f73d80440_6, v0x556f73d80440_7, v0x556f73d80440_8, v0x556f73d80440_9;
v0x556f73d80440_10 .array/port v0x556f73d80440, 10;
v0x556f73d80440_11 .array/port v0x556f73d80440, 11;
v0x556f73d80440_12 .array/port v0x556f73d80440, 12;
v0x556f73d80440_13 .array/port v0x556f73d80440, 13;
E_0x556f73d5f730/3 .event anyedge, v0x556f73d80440_10, v0x556f73d80440_11, v0x556f73d80440_12, v0x556f73d80440_13;
v0x556f73d80440_14 .array/port v0x556f73d80440, 14;
v0x556f73d80440_15 .array/port v0x556f73d80440, 15;
v0x556f73d80440_16 .array/port v0x556f73d80440, 16;
v0x556f73d80440_17 .array/port v0x556f73d80440, 17;
E_0x556f73d5f730/4 .event anyedge, v0x556f73d80440_14, v0x556f73d80440_15, v0x556f73d80440_16, v0x556f73d80440_17;
v0x556f73d80440_18 .array/port v0x556f73d80440, 18;
v0x556f73d80440_19 .array/port v0x556f73d80440, 19;
v0x556f73d80440_20 .array/port v0x556f73d80440, 20;
v0x556f73d80440_21 .array/port v0x556f73d80440, 21;
E_0x556f73d5f730/5 .event anyedge, v0x556f73d80440_18, v0x556f73d80440_19, v0x556f73d80440_20, v0x556f73d80440_21;
v0x556f73d80440_22 .array/port v0x556f73d80440, 22;
v0x556f73d80440_23 .array/port v0x556f73d80440, 23;
v0x556f73d80440_24 .array/port v0x556f73d80440, 24;
v0x556f73d80440_25 .array/port v0x556f73d80440, 25;
E_0x556f73d5f730/6 .event anyedge, v0x556f73d80440_22, v0x556f73d80440_23, v0x556f73d80440_24, v0x556f73d80440_25;
v0x556f73d80440_26 .array/port v0x556f73d80440, 26;
v0x556f73d80440_27 .array/port v0x556f73d80440, 27;
v0x556f73d80440_28 .array/port v0x556f73d80440, 28;
v0x556f73d80440_29 .array/port v0x556f73d80440, 29;
E_0x556f73d5f730/7 .event anyedge, v0x556f73d80440_26, v0x556f73d80440_27, v0x556f73d80440_28, v0x556f73d80440_29;
v0x556f73d80440_30 .array/port v0x556f73d80440, 30;
v0x556f73d80440_31 .array/port v0x556f73d80440, 31;
v0x556f73d80440_32 .array/port v0x556f73d80440, 32;
v0x556f73d80440_33 .array/port v0x556f73d80440, 33;
E_0x556f73d5f730/8 .event anyedge, v0x556f73d80440_30, v0x556f73d80440_31, v0x556f73d80440_32, v0x556f73d80440_33;
v0x556f73d80440_34 .array/port v0x556f73d80440, 34;
v0x556f73d80440_35 .array/port v0x556f73d80440, 35;
v0x556f73d80440_36 .array/port v0x556f73d80440, 36;
v0x556f73d80440_37 .array/port v0x556f73d80440, 37;
E_0x556f73d5f730/9 .event anyedge, v0x556f73d80440_34, v0x556f73d80440_35, v0x556f73d80440_36, v0x556f73d80440_37;
v0x556f73d80440_38 .array/port v0x556f73d80440, 38;
v0x556f73d80440_39 .array/port v0x556f73d80440, 39;
v0x556f73d80440_40 .array/port v0x556f73d80440, 40;
v0x556f73d80440_41 .array/port v0x556f73d80440, 41;
E_0x556f73d5f730/10 .event anyedge, v0x556f73d80440_38, v0x556f73d80440_39, v0x556f73d80440_40, v0x556f73d80440_41;
v0x556f73d80440_42 .array/port v0x556f73d80440, 42;
v0x556f73d80440_43 .array/port v0x556f73d80440, 43;
v0x556f73d80440_44 .array/port v0x556f73d80440, 44;
v0x556f73d80440_45 .array/port v0x556f73d80440, 45;
E_0x556f73d5f730/11 .event anyedge, v0x556f73d80440_42, v0x556f73d80440_43, v0x556f73d80440_44, v0x556f73d80440_45;
v0x556f73d80440_46 .array/port v0x556f73d80440, 46;
v0x556f73d80440_47 .array/port v0x556f73d80440, 47;
v0x556f73d80440_48 .array/port v0x556f73d80440, 48;
v0x556f73d80440_49 .array/port v0x556f73d80440, 49;
E_0x556f73d5f730/12 .event anyedge, v0x556f73d80440_46, v0x556f73d80440_47, v0x556f73d80440_48, v0x556f73d80440_49;
v0x556f73d80440_50 .array/port v0x556f73d80440, 50;
v0x556f73d80440_51 .array/port v0x556f73d80440, 51;
v0x556f73d80440_52 .array/port v0x556f73d80440, 52;
v0x556f73d80440_53 .array/port v0x556f73d80440, 53;
E_0x556f73d5f730/13 .event anyedge, v0x556f73d80440_50, v0x556f73d80440_51, v0x556f73d80440_52, v0x556f73d80440_53;
v0x556f73d80440_54 .array/port v0x556f73d80440, 54;
v0x556f73d80440_55 .array/port v0x556f73d80440, 55;
v0x556f73d80440_56 .array/port v0x556f73d80440, 56;
v0x556f73d80440_57 .array/port v0x556f73d80440, 57;
E_0x556f73d5f730/14 .event anyedge, v0x556f73d80440_54, v0x556f73d80440_55, v0x556f73d80440_56, v0x556f73d80440_57;
v0x556f73d80440_58 .array/port v0x556f73d80440, 58;
v0x556f73d80440_59 .array/port v0x556f73d80440, 59;
v0x556f73d80440_60 .array/port v0x556f73d80440, 60;
v0x556f73d80440_61 .array/port v0x556f73d80440, 61;
E_0x556f73d5f730/15 .event anyedge, v0x556f73d80440_58, v0x556f73d80440_59, v0x556f73d80440_60, v0x556f73d80440_61;
v0x556f73d80440_62 .array/port v0x556f73d80440, 62;
v0x556f73d80440_63 .array/port v0x556f73d80440, 63;
v0x556f73d80440_64 .array/port v0x556f73d80440, 64;
v0x556f73d80440_65 .array/port v0x556f73d80440, 65;
E_0x556f73d5f730/16 .event anyedge, v0x556f73d80440_62, v0x556f73d80440_63, v0x556f73d80440_64, v0x556f73d80440_65;
v0x556f73d80440_66 .array/port v0x556f73d80440, 66;
v0x556f73d80440_67 .array/port v0x556f73d80440, 67;
v0x556f73d80440_68 .array/port v0x556f73d80440, 68;
v0x556f73d80440_69 .array/port v0x556f73d80440, 69;
E_0x556f73d5f730/17 .event anyedge, v0x556f73d80440_66, v0x556f73d80440_67, v0x556f73d80440_68, v0x556f73d80440_69;
v0x556f73d80440_70 .array/port v0x556f73d80440, 70;
v0x556f73d80440_71 .array/port v0x556f73d80440, 71;
v0x556f73d80440_72 .array/port v0x556f73d80440, 72;
v0x556f73d80440_73 .array/port v0x556f73d80440, 73;
E_0x556f73d5f730/18 .event anyedge, v0x556f73d80440_70, v0x556f73d80440_71, v0x556f73d80440_72, v0x556f73d80440_73;
v0x556f73d80440_74 .array/port v0x556f73d80440, 74;
v0x556f73d80440_75 .array/port v0x556f73d80440, 75;
v0x556f73d80440_76 .array/port v0x556f73d80440, 76;
v0x556f73d80440_77 .array/port v0x556f73d80440, 77;
E_0x556f73d5f730/19 .event anyedge, v0x556f73d80440_74, v0x556f73d80440_75, v0x556f73d80440_76, v0x556f73d80440_77;
v0x556f73d80440_78 .array/port v0x556f73d80440, 78;
v0x556f73d80440_79 .array/port v0x556f73d80440, 79;
v0x556f73d80440_80 .array/port v0x556f73d80440, 80;
v0x556f73d80440_81 .array/port v0x556f73d80440, 81;
E_0x556f73d5f730/20 .event anyedge, v0x556f73d80440_78, v0x556f73d80440_79, v0x556f73d80440_80, v0x556f73d80440_81;
v0x556f73d80440_82 .array/port v0x556f73d80440, 82;
v0x556f73d80440_83 .array/port v0x556f73d80440, 83;
v0x556f73d80440_84 .array/port v0x556f73d80440, 84;
v0x556f73d80440_85 .array/port v0x556f73d80440, 85;
E_0x556f73d5f730/21 .event anyedge, v0x556f73d80440_82, v0x556f73d80440_83, v0x556f73d80440_84, v0x556f73d80440_85;
v0x556f73d80440_86 .array/port v0x556f73d80440, 86;
v0x556f73d80440_87 .array/port v0x556f73d80440, 87;
v0x556f73d80440_88 .array/port v0x556f73d80440, 88;
v0x556f73d80440_89 .array/port v0x556f73d80440, 89;
E_0x556f73d5f730/22 .event anyedge, v0x556f73d80440_86, v0x556f73d80440_87, v0x556f73d80440_88, v0x556f73d80440_89;
v0x556f73d80440_90 .array/port v0x556f73d80440, 90;
v0x556f73d80440_91 .array/port v0x556f73d80440, 91;
v0x556f73d80440_92 .array/port v0x556f73d80440, 92;
v0x556f73d80440_93 .array/port v0x556f73d80440, 93;
E_0x556f73d5f730/23 .event anyedge, v0x556f73d80440_90, v0x556f73d80440_91, v0x556f73d80440_92, v0x556f73d80440_93;
v0x556f73d80440_94 .array/port v0x556f73d80440, 94;
v0x556f73d80440_95 .array/port v0x556f73d80440, 95;
v0x556f73d80440_96 .array/port v0x556f73d80440, 96;
v0x556f73d80440_97 .array/port v0x556f73d80440, 97;
E_0x556f73d5f730/24 .event anyedge, v0x556f73d80440_94, v0x556f73d80440_95, v0x556f73d80440_96, v0x556f73d80440_97;
v0x556f73d80440_98 .array/port v0x556f73d80440, 98;
v0x556f73d80440_99 .array/port v0x556f73d80440, 99;
v0x556f73d80440_100 .array/port v0x556f73d80440, 100;
v0x556f73d80440_101 .array/port v0x556f73d80440, 101;
E_0x556f73d5f730/25 .event anyedge, v0x556f73d80440_98, v0x556f73d80440_99, v0x556f73d80440_100, v0x556f73d80440_101;
v0x556f73d80440_102 .array/port v0x556f73d80440, 102;
v0x556f73d80440_103 .array/port v0x556f73d80440, 103;
v0x556f73d80440_104 .array/port v0x556f73d80440, 104;
v0x556f73d80440_105 .array/port v0x556f73d80440, 105;
E_0x556f73d5f730/26 .event anyedge, v0x556f73d80440_102, v0x556f73d80440_103, v0x556f73d80440_104, v0x556f73d80440_105;
v0x556f73d80440_106 .array/port v0x556f73d80440, 106;
v0x556f73d80440_107 .array/port v0x556f73d80440, 107;
v0x556f73d80440_108 .array/port v0x556f73d80440, 108;
v0x556f73d80440_109 .array/port v0x556f73d80440, 109;
E_0x556f73d5f730/27 .event anyedge, v0x556f73d80440_106, v0x556f73d80440_107, v0x556f73d80440_108, v0x556f73d80440_109;
v0x556f73d80440_110 .array/port v0x556f73d80440, 110;
v0x556f73d80440_111 .array/port v0x556f73d80440, 111;
v0x556f73d80440_112 .array/port v0x556f73d80440, 112;
v0x556f73d80440_113 .array/port v0x556f73d80440, 113;
E_0x556f73d5f730/28 .event anyedge, v0x556f73d80440_110, v0x556f73d80440_111, v0x556f73d80440_112, v0x556f73d80440_113;
v0x556f73d80440_114 .array/port v0x556f73d80440, 114;
v0x556f73d80440_115 .array/port v0x556f73d80440, 115;
v0x556f73d80440_116 .array/port v0x556f73d80440, 116;
v0x556f73d80440_117 .array/port v0x556f73d80440, 117;
E_0x556f73d5f730/29 .event anyedge, v0x556f73d80440_114, v0x556f73d80440_115, v0x556f73d80440_116, v0x556f73d80440_117;
v0x556f73d80440_118 .array/port v0x556f73d80440, 118;
v0x556f73d80440_119 .array/port v0x556f73d80440, 119;
v0x556f73d80440_120 .array/port v0x556f73d80440, 120;
v0x556f73d80440_121 .array/port v0x556f73d80440, 121;
E_0x556f73d5f730/30 .event anyedge, v0x556f73d80440_118, v0x556f73d80440_119, v0x556f73d80440_120, v0x556f73d80440_121;
v0x556f73d80440_122 .array/port v0x556f73d80440, 122;
v0x556f73d80440_123 .array/port v0x556f73d80440, 123;
v0x556f73d80440_124 .array/port v0x556f73d80440, 124;
v0x556f73d80440_125 .array/port v0x556f73d80440, 125;
E_0x556f73d5f730/31 .event anyedge, v0x556f73d80440_122, v0x556f73d80440_123, v0x556f73d80440_124, v0x556f73d80440_125;
v0x556f73d80440_126 .array/port v0x556f73d80440, 126;
v0x556f73d80440_127 .array/port v0x556f73d80440, 127;
v0x556f73d80440_128 .array/port v0x556f73d80440, 128;
v0x556f73d80440_129 .array/port v0x556f73d80440, 129;
E_0x556f73d5f730/32 .event anyedge, v0x556f73d80440_126, v0x556f73d80440_127, v0x556f73d80440_128, v0x556f73d80440_129;
v0x556f73d80440_130 .array/port v0x556f73d80440, 130;
v0x556f73d80440_131 .array/port v0x556f73d80440, 131;
v0x556f73d80440_132 .array/port v0x556f73d80440, 132;
v0x556f73d80440_133 .array/port v0x556f73d80440, 133;
E_0x556f73d5f730/33 .event anyedge, v0x556f73d80440_130, v0x556f73d80440_131, v0x556f73d80440_132, v0x556f73d80440_133;
v0x556f73d80440_134 .array/port v0x556f73d80440, 134;
v0x556f73d80440_135 .array/port v0x556f73d80440, 135;
v0x556f73d80440_136 .array/port v0x556f73d80440, 136;
v0x556f73d80440_137 .array/port v0x556f73d80440, 137;
E_0x556f73d5f730/34 .event anyedge, v0x556f73d80440_134, v0x556f73d80440_135, v0x556f73d80440_136, v0x556f73d80440_137;
v0x556f73d80440_138 .array/port v0x556f73d80440, 138;
v0x556f73d80440_139 .array/port v0x556f73d80440, 139;
v0x556f73d80440_140 .array/port v0x556f73d80440, 140;
v0x556f73d80440_141 .array/port v0x556f73d80440, 141;
E_0x556f73d5f730/35 .event anyedge, v0x556f73d80440_138, v0x556f73d80440_139, v0x556f73d80440_140, v0x556f73d80440_141;
v0x556f73d80440_142 .array/port v0x556f73d80440, 142;
v0x556f73d80440_143 .array/port v0x556f73d80440, 143;
v0x556f73d80440_144 .array/port v0x556f73d80440, 144;
v0x556f73d80440_145 .array/port v0x556f73d80440, 145;
E_0x556f73d5f730/36 .event anyedge, v0x556f73d80440_142, v0x556f73d80440_143, v0x556f73d80440_144, v0x556f73d80440_145;
v0x556f73d80440_146 .array/port v0x556f73d80440, 146;
v0x556f73d80440_147 .array/port v0x556f73d80440, 147;
v0x556f73d80440_148 .array/port v0x556f73d80440, 148;
v0x556f73d80440_149 .array/port v0x556f73d80440, 149;
E_0x556f73d5f730/37 .event anyedge, v0x556f73d80440_146, v0x556f73d80440_147, v0x556f73d80440_148, v0x556f73d80440_149;
v0x556f73d80440_150 .array/port v0x556f73d80440, 150;
v0x556f73d80440_151 .array/port v0x556f73d80440, 151;
v0x556f73d80440_152 .array/port v0x556f73d80440, 152;
v0x556f73d80440_153 .array/port v0x556f73d80440, 153;
E_0x556f73d5f730/38 .event anyedge, v0x556f73d80440_150, v0x556f73d80440_151, v0x556f73d80440_152, v0x556f73d80440_153;
v0x556f73d80440_154 .array/port v0x556f73d80440, 154;
v0x556f73d80440_155 .array/port v0x556f73d80440, 155;
v0x556f73d80440_156 .array/port v0x556f73d80440, 156;
v0x556f73d80440_157 .array/port v0x556f73d80440, 157;
E_0x556f73d5f730/39 .event anyedge, v0x556f73d80440_154, v0x556f73d80440_155, v0x556f73d80440_156, v0x556f73d80440_157;
v0x556f73d80440_158 .array/port v0x556f73d80440, 158;
v0x556f73d80440_159 .array/port v0x556f73d80440, 159;
v0x556f73d80440_160 .array/port v0x556f73d80440, 160;
v0x556f73d80440_161 .array/port v0x556f73d80440, 161;
E_0x556f73d5f730/40 .event anyedge, v0x556f73d80440_158, v0x556f73d80440_159, v0x556f73d80440_160, v0x556f73d80440_161;
v0x556f73d80440_162 .array/port v0x556f73d80440, 162;
v0x556f73d80440_163 .array/port v0x556f73d80440, 163;
v0x556f73d80440_164 .array/port v0x556f73d80440, 164;
v0x556f73d80440_165 .array/port v0x556f73d80440, 165;
E_0x556f73d5f730/41 .event anyedge, v0x556f73d80440_162, v0x556f73d80440_163, v0x556f73d80440_164, v0x556f73d80440_165;
v0x556f73d80440_166 .array/port v0x556f73d80440, 166;
v0x556f73d80440_167 .array/port v0x556f73d80440, 167;
v0x556f73d80440_168 .array/port v0x556f73d80440, 168;
v0x556f73d80440_169 .array/port v0x556f73d80440, 169;
E_0x556f73d5f730/42 .event anyedge, v0x556f73d80440_166, v0x556f73d80440_167, v0x556f73d80440_168, v0x556f73d80440_169;
v0x556f73d80440_170 .array/port v0x556f73d80440, 170;
v0x556f73d80440_171 .array/port v0x556f73d80440, 171;
v0x556f73d80440_172 .array/port v0x556f73d80440, 172;
v0x556f73d80440_173 .array/port v0x556f73d80440, 173;
E_0x556f73d5f730/43 .event anyedge, v0x556f73d80440_170, v0x556f73d80440_171, v0x556f73d80440_172, v0x556f73d80440_173;
v0x556f73d80440_174 .array/port v0x556f73d80440, 174;
v0x556f73d80440_175 .array/port v0x556f73d80440, 175;
v0x556f73d80440_176 .array/port v0x556f73d80440, 176;
v0x556f73d80440_177 .array/port v0x556f73d80440, 177;
E_0x556f73d5f730/44 .event anyedge, v0x556f73d80440_174, v0x556f73d80440_175, v0x556f73d80440_176, v0x556f73d80440_177;
v0x556f73d80440_178 .array/port v0x556f73d80440, 178;
v0x556f73d80440_179 .array/port v0x556f73d80440, 179;
v0x556f73d80440_180 .array/port v0x556f73d80440, 180;
v0x556f73d80440_181 .array/port v0x556f73d80440, 181;
E_0x556f73d5f730/45 .event anyedge, v0x556f73d80440_178, v0x556f73d80440_179, v0x556f73d80440_180, v0x556f73d80440_181;
v0x556f73d80440_182 .array/port v0x556f73d80440, 182;
v0x556f73d80440_183 .array/port v0x556f73d80440, 183;
v0x556f73d80440_184 .array/port v0x556f73d80440, 184;
v0x556f73d80440_185 .array/port v0x556f73d80440, 185;
E_0x556f73d5f730/46 .event anyedge, v0x556f73d80440_182, v0x556f73d80440_183, v0x556f73d80440_184, v0x556f73d80440_185;
v0x556f73d80440_186 .array/port v0x556f73d80440, 186;
v0x556f73d80440_187 .array/port v0x556f73d80440, 187;
v0x556f73d80440_188 .array/port v0x556f73d80440, 188;
v0x556f73d80440_189 .array/port v0x556f73d80440, 189;
E_0x556f73d5f730/47 .event anyedge, v0x556f73d80440_186, v0x556f73d80440_187, v0x556f73d80440_188, v0x556f73d80440_189;
v0x556f73d80440_190 .array/port v0x556f73d80440, 190;
v0x556f73d80440_191 .array/port v0x556f73d80440, 191;
v0x556f73d80440_192 .array/port v0x556f73d80440, 192;
v0x556f73d80440_193 .array/port v0x556f73d80440, 193;
E_0x556f73d5f730/48 .event anyedge, v0x556f73d80440_190, v0x556f73d80440_191, v0x556f73d80440_192, v0x556f73d80440_193;
v0x556f73d80440_194 .array/port v0x556f73d80440, 194;
v0x556f73d80440_195 .array/port v0x556f73d80440, 195;
v0x556f73d80440_196 .array/port v0x556f73d80440, 196;
v0x556f73d80440_197 .array/port v0x556f73d80440, 197;
E_0x556f73d5f730/49 .event anyedge, v0x556f73d80440_194, v0x556f73d80440_195, v0x556f73d80440_196, v0x556f73d80440_197;
v0x556f73d80440_198 .array/port v0x556f73d80440, 198;
v0x556f73d80440_199 .array/port v0x556f73d80440, 199;
v0x556f73d80440_200 .array/port v0x556f73d80440, 200;
v0x556f73d80440_201 .array/port v0x556f73d80440, 201;
E_0x556f73d5f730/50 .event anyedge, v0x556f73d80440_198, v0x556f73d80440_199, v0x556f73d80440_200, v0x556f73d80440_201;
v0x556f73d80440_202 .array/port v0x556f73d80440, 202;
v0x556f73d80440_203 .array/port v0x556f73d80440, 203;
v0x556f73d80440_204 .array/port v0x556f73d80440, 204;
v0x556f73d80440_205 .array/port v0x556f73d80440, 205;
E_0x556f73d5f730/51 .event anyedge, v0x556f73d80440_202, v0x556f73d80440_203, v0x556f73d80440_204, v0x556f73d80440_205;
v0x556f73d80440_206 .array/port v0x556f73d80440, 206;
v0x556f73d80440_207 .array/port v0x556f73d80440, 207;
v0x556f73d80440_208 .array/port v0x556f73d80440, 208;
v0x556f73d80440_209 .array/port v0x556f73d80440, 209;
E_0x556f73d5f730/52 .event anyedge, v0x556f73d80440_206, v0x556f73d80440_207, v0x556f73d80440_208, v0x556f73d80440_209;
v0x556f73d80440_210 .array/port v0x556f73d80440, 210;
v0x556f73d80440_211 .array/port v0x556f73d80440, 211;
v0x556f73d80440_212 .array/port v0x556f73d80440, 212;
v0x556f73d80440_213 .array/port v0x556f73d80440, 213;
E_0x556f73d5f730/53 .event anyedge, v0x556f73d80440_210, v0x556f73d80440_211, v0x556f73d80440_212, v0x556f73d80440_213;
v0x556f73d80440_214 .array/port v0x556f73d80440, 214;
v0x556f73d80440_215 .array/port v0x556f73d80440, 215;
v0x556f73d80440_216 .array/port v0x556f73d80440, 216;
v0x556f73d80440_217 .array/port v0x556f73d80440, 217;
E_0x556f73d5f730/54 .event anyedge, v0x556f73d80440_214, v0x556f73d80440_215, v0x556f73d80440_216, v0x556f73d80440_217;
v0x556f73d80440_218 .array/port v0x556f73d80440, 218;
v0x556f73d80440_219 .array/port v0x556f73d80440, 219;
v0x556f73d80440_220 .array/port v0x556f73d80440, 220;
v0x556f73d80440_221 .array/port v0x556f73d80440, 221;
E_0x556f73d5f730/55 .event anyedge, v0x556f73d80440_218, v0x556f73d80440_219, v0x556f73d80440_220, v0x556f73d80440_221;
v0x556f73d80440_222 .array/port v0x556f73d80440, 222;
v0x556f73d80440_223 .array/port v0x556f73d80440, 223;
v0x556f73d80440_224 .array/port v0x556f73d80440, 224;
v0x556f73d80440_225 .array/port v0x556f73d80440, 225;
E_0x556f73d5f730/56 .event anyedge, v0x556f73d80440_222, v0x556f73d80440_223, v0x556f73d80440_224, v0x556f73d80440_225;
v0x556f73d80440_226 .array/port v0x556f73d80440, 226;
v0x556f73d80440_227 .array/port v0x556f73d80440, 227;
v0x556f73d80440_228 .array/port v0x556f73d80440, 228;
v0x556f73d80440_229 .array/port v0x556f73d80440, 229;
E_0x556f73d5f730/57 .event anyedge, v0x556f73d80440_226, v0x556f73d80440_227, v0x556f73d80440_228, v0x556f73d80440_229;
v0x556f73d80440_230 .array/port v0x556f73d80440, 230;
v0x556f73d80440_231 .array/port v0x556f73d80440, 231;
v0x556f73d80440_232 .array/port v0x556f73d80440, 232;
v0x556f73d80440_233 .array/port v0x556f73d80440, 233;
E_0x556f73d5f730/58 .event anyedge, v0x556f73d80440_230, v0x556f73d80440_231, v0x556f73d80440_232, v0x556f73d80440_233;
v0x556f73d80440_234 .array/port v0x556f73d80440, 234;
v0x556f73d80440_235 .array/port v0x556f73d80440, 235;
v0x556f73d80440_236 .array/port v0x556f73d80440, 236;
v0x556f73d80440_237 .array/port v0x556f73d80440, 237;
E_0x556f73d5f730/59 .event anyedge, v0x556f73d80440_234, v0x556f73d80440_235, v0x556f73d80440_236, v0x556f73d80440_237;
v0x556f73d80440_238 .array/port v0x556f73d80440, 238;
v0x556f73d80440_239 .array/port v0x556f73d80440, 239;
v0x556f73d80440_240 .array/port v0x556f73d80440, 240;
v0x556f73d80440_241 .array/port v0x556f73d80440, 241;
E_0x556f73d5f730/60 .event anyedge, v0x556f73d80440_238, v0x556f73d80440_239, v0x556f73d80440_240, v0x556f73d80440_241;
v0x556f73d80440_242 .array/port v0x556f73d80440, 242;
v0x556f73d80440_243 .array/port v0x556f73d80440, 243;
v0x556f73d80440_244 .array/port v0x556f73d80440, 244;
v0x556f73d80440_245 .array/port v0x556f73d80440, 245;
E_0x556f73d5f730/61 .event anyedge, v0x556f73d80440_242, v0x556f73d80440_243, v0x556f73d80440_244, v0x556f73d80440_245;
v0x556f73d80440_246 .array/port v0x556f73d80440, 246;
v0x556f73d80440_247 .array/port v0x556f73d80440, 247;
v0x556f73d80440_248 .array/port v0x556f73d80440, 248;
v0x556f73d80440_249 .array/port v0x556f73d80440, 249;
E_0x556f73d5f730/62 .event anyedge, v0x556f73d80440_246, v0x556f73d80440_247, v0x556f73d80440_248, v0x556f73d80440_249;
v0x556f73d80440_250 .array/port v0x556f73d80440, 250;
v0x556f73d80440_251 .array/port v0x556f73d80440, 251;
v0x556f73d80440_252 .array/port v0x556f73d80440, 252;
v0x556f73d80440_253 .array/port v0x556f73d80440, 253;
E_0x556f73d5f730/63 .event anyedge, v0x556f73d80440_250, v0x556f73d80440_251, v0x556f73d80440_252, v0x556f73d80440_253;
v0x556f73d80440_254 .array/port v0x556f73d80440, 254;
v0x556f73d80440_255 .array/port v0x556f73d80440, 255;
E_0x556f73d5f730/64 .event anyedge, v0x556f73d80440_254, v0x556f73d80440_255;
E_0x556f73d5f730 .event/or E_0x556f73d5f730/0, E_0x556f73d5f730/1, E_0x556f73d5f730/2, E_0x556f73d5f730/3, E_0x556f73d5f730/4, E_0x556f73d5f730/5, E_0x556f73d5f730/6, E_0x556f73d5f730/7, E_0x556f73d5f730/8, E_0x556f73d5f730/9, E_0x556f73d5f730/10, E_0x556f73d5f730/11, E_0x556f73d5f730/12, E_0x556f73d5f730/13, E_0x556f73d5f730/14, E_0x556f73d5f730/15, E_0x556f73d5f730/16, E_0x556f73d5f730/17, E_0x556f73d5f730/18, E_0x556f73d5f730/19, E_0x556f73d5f730/20, E_0x556f73d5f730/21, E_0x556f73d5f730/22, E_0x556f73d5f730/23, E_0x556f73d5f730/24, E_0x556f73d5f730/25, E_0x556f73d5f730/26, E_0x556f73d5f730/27, E_0x556f73d5f730/28, E_0x556f73d5f730/29, E_0x556f73d5f730/30, E_0x556f73d5f730/31, E_0x556f73d5f730/32, E_0x556f73d5f730/33, E_0x556f73d5f730/34, E_0x556f73d5f730/35, E_0x556f73d5f730/36, E_0x556f73d5f730/37, E_0x556f73d5f730/38, E_0x556f73d5f730/39, E_0x556f73d5f730/40, E_0x556f73d5f730/41, E_0x556f73d5f730/42, E_0x556f73d5f730/43, E_0x556f73d5f730/44, E_0x556f73d5f730/45, E_0x556f73d5f730/46, E_0x556f73d5f730/47, E_0x556f73d5f730/48, E_0x556f73d5f730/49, E_0x556f73d5f730/50, E_0x556f73d5f730/51, E_0x556f73d5f730/52, E_0x556f73d5f730/53, E_0x556f73d5f730/54, E_0x556f73d5f730/55, E_0x556f73d5f730/56, E_0x556f73d5f730/57, E_0x556f73d5f730/58, E_0x556f73d5f730/59, E_0x556f73d5f730/60, E_0x556f73d5f730/61, E_0x556f73d5f730/62, E_0x556f73d5f730/63, E_0x556f73d5f730/64;
E_0x556f73d5f1b0 .event posedge, v0x556f73d800f0_0;
    .scope S_0x556f73d25500;
T_0 ;
    %pushi/vec4 0, 0, 32;
    %store/vec4 v0x556f73d801b0_0, 0, 32;
T_0.0 ;
    %load/vec4 v0x556f73d801b0_0;
    %cmpi/s 256, 0, 32;
    %jmp/0xz T_0.1, 5;
    %pushi/vec4 0, 0, 32;
    %ix/getv/s 4, v0x556f73d801b0_0;
    %store/vec4a v0x556f73d80440, 4, 0;
    %load/vec4 v0x556f73d801b0_0;
    %addi 1, 0, 32;
    %store/vec4 v0x556f73d801b0_0, 0, 32;
    %jmp T_0.0;
T_0.1 ;
    %end;
    .thread T_0;
    .scope S_0x556f73d25500;
T_1 ;
    %wait E_0x556f73d5f1b0;
    %load/vec4 v0x556f73d80330_0;
    %flag_set/vec4 8;
    %jmp/0xz  T_1.0, 8;
    %load/vec4 v0x556f73d82df0_0;
    %load/vec4 v0x556f73d61cd0_0;
    %parti/s 8, 2, 3;
    %pad/u 10;
    %ix/vec4 3;
    %ix/load 4, 0, 0; Constant delay
    %assign/vec4/a/d v0x556f73d80440, 0, 4;
T_1.0 ;
    %jmp T_1;
    .thread T_1;
    .scope S_0x556f73d25500;
T_2 ;
    %wait E_0x556f73d5f730;
    %load/vec4 v0x556f73d80270_0;
    %flag_set/vec4 8;
    %jmp/0xz  T_2.0, 8;
    %load/vec4 v0x556f73d61cd0_0;
    %parti/s 8, 2, 3;
    %pad/u 10;
    %ix/vec4 4;
    %load/vec4a v0x556f73d80440, 4;
    %store/vec4 v0x556f73d82d10_0, 0, 32;
    %jmp T_2.1;
T_2.0 ;
    %pushi/vec4 0, 0, 32;
    %store/vec4 v0x556f73d82d10_0, 0, 32;
T_2.1 ;
    %jmp T_2;
    .thread T_2, $push;
    .scope S_0x556f73d61b40;
T_3 ;
    %delay 5000, 0;
    %load/vec4 v0x556f73d83070_0;
    %inv;
    %store/vec4 v0x556f73d83070_0, 0, 1;
    %jmp T_3;
    .thread T_3;
    .scope S_0x556f73d61b40;
T_4 ;
    %vpi_call/w 3 34 "$dumpfile", "memory_stage.vcd" {0 0 0};
    %vpi_call/w 3 35 "$dumpvars", 32'sb00000000000000000000000000000000, S_0x556f73d61b40 {0 0 0};
    %pushi/vec4 0, 0, 1;
    %store/vec4 v0x556f73d83070_0, 0, 1;
    %pushi/vec4 0, 0, 1;
    %store/vec4 v0x556f73d83110_0, 0, 1;
    %pushi/vec4 0, 0, 1;
    %store/vec4 v0x556f73d831e0_0, 0, 1;
    %pushi/vec4 0, 0, 32;
    %store/vec4 v0x556f73d82f90_0, 0, 32;
    %pushi/vec4 0, 0, 32;
    %store/vec4 v0x556f73d833a0_0, 0, 32;
    %delay 10000, 0;
    %pushi/vec4 16, 0, 32;
    %store/vec4 v0x556f73d82f90_0, 0, 32;
    %pushi/vec4 1234, 0, 32;
    %store/vec4 v0x556f73d833a0_0, 0, 32;
    %pushi/vec4 1, 0, 1;
    %store/vec4 v0x556f73d831e0_0, 0, 1;
    %delay 10000, 0;
    %pushi/vec4 0, 0, 1;
    %store/vec4 v0x556f73d831e0_0, 0, 1;
    %pushi/vec4 1, 0, 1;
    %store/vec4 v0x556f73d83110_0, 0, 1;
    %delay 10000, 0;
    %pushi/vec4 0, 0, 1;
    %store/vec4 v0x556f73d83110_0, 0, 1;
    %delay 20000, 0;
    %vpi_call/w 3 61 "$finish" {0 0 0};
    %end;
    .thread T_4;
# The file index is used to find the file name in the following table.
:file_names 5;
    "N/A";
    "<interactive>";
    "-";
    "tb/riscv_pipeline/memory_stage_tb.v";
    "rtl/riscv_pipeline/memory_stage.v";
